!*******************************************************************************************
! SVN map files format
! <type>@<id>=SVN,<tag>[:revision],<svnRepositoryURL>,<preTagPath>,<postTagPath>
!*******************************************************************************************
 
feature@org.springframework.ide.eclipse.feature=SVN,trunk,http://springide.org/repos,,org.springframework.ide.eclipse.feature
feature@org.springframework.ide.eclipse.feature.source=SVN,trunk,http://springide.org/repos,,org.springframework.ide.eclipse.feature.source
feature@org.springframework.ide.eclipse.aop.feature=SVN,trunk,http://springide.org/repos,,org.springframework.ide.eclipse.aop.feature
feature@org.springframework.ide.eclipse.aop.feature.source=SVN,trunk,http://springide.org/repos,,org.springframework.ide.eclipse.aop.feature.source
feature@org.springframework.ide.eclipse.webflow.feature=SVN,trunk,http://springide.org/repos,,org.springframework.ide.eclipse.webflow.feature
feature@org.springframework.ide.eclipse.webflow.feature.source=SVN,trunk,http://springide.org/repos,,org.springframework.ide.eclipse.webflow.feature.source
feature@org.springframework.ide.eclipse.mylyn.feature=SVN,trunk,http://springide.org/repos,,org.springframework.ide.eclipse.mylyn.feature
feature@org.springframework.ide.eclipse.mylyn.feature.source=SVN,trunk,http://springide.org/repos,,org.springframework.ide.eclipse.mylyn.feature.source
feature@org.springframework.ide.eclipse.javaconfig.feature=SVN,trunk,http://springide.org/repos,,org.springframework.ide.eclipse.javaconfig.feature
feature@org.springframework.ide.eclipse.javaconfig.feature.source=SVN,trunk,http://springide.org/repos,,org.springframework.ide.eclipse.javaconfig.feature.source

plugin@org.springframework.ide.eclipse=SVN,trunk,http://springide.org/repos,,org.springframework.ide.eclipse
plugin@org.springframework.ide.eclipse.source=SVN,trunk,http://springide.org/repos,,org.springframework.ide.eclipse.source
plugin@org.springframework.ide.eclipse.aop.source=SVN,trunk,http://springide.org/repos,,org.springframework.ide.eclipse.aop.source
plugin@org.springframework.ide.eclipse.webflow.source=SVN,trunk,http://springide.org/repos,,org.springframework.ide.eclipse.webflow.source
plugin@org.springframework.ide.eclipse.mylyn.source=SVN,trunk,http://springide.org/repos,,org.springframework.ide.eclipse.mylyn.source
plugin@org.springframework.ide.eclipse.mylyn=SVN,trunk,http://springide.org/repos,,org.springframework.ide.eclipse.mylyn
plugin@org.springframework.ide.eclipse.osgi=SVN,trunk,http://springide.org/repos,,org.springframework.ide.eclipse.osgi
plugin@org.springframework.ide.eclipse.aop.core=SVN,trunk,http://springide.org/repos,,org.springframework.ide.eclipse.aop.core
plugin@org.springframework.ide.eclipse.aop.ui=SVN,trunk,http://springide.org/repos,,org.springframework.ide.eclipse.aop.ui
plugin@org.springframework.ide.eclipse.aop.mylyn=SVN,trunk,http://springide.org/repos,,org.springframework.ide.eclipse.aop.mylyn
plugin@org.springframework.ide.eclipse.aop.ui.visualiser=SVN,trunk,http://springide.org/repos,,org.springframework.ide.eclipse.aop.ui.visualiser
plugin@org.springframework.ide.eclipse.aop.ui.xref=SVN,trunk,http://springide.org/repos,,org.springframework.ide.eclipse.aop.ui.xref
plugin@org.springframework.ide.eclipse.beans.core=SVN,trunk,http://springide.org/repos,,org.springframework.ide.eclipse.beans.core
plugin@org.springframework.ide.eclipse.beans.osgibridge=SVN,trunk,http://springide.org/repos,,org.springframework.ide.eclipse.beans.osgibridge
plugin@org.springframework.ide.eclipse.beans.mylyn=SVN,trunk,http://springide.org/repos,,org.springframework.ide.eclipse.beans.mylyn
plugin@org.springframework.ide.eclipse.beans.ui=SVN,trunk,http://springide.org/repos,,org.springframework.ide.eclipse.beans.ui
plugin@org.springframework.ide.eclipse.beans.ui.editor=SVN,trunk,http://springide.org/repos,,org.springframework.ide.eclipse.beans.ui.editor
plugin@org.springframework.ide.eclipse.beans.ui.graph=SVN,trunk,http://springide.org/repos,,org.springframework.ide.eclipse.beans.ui.graph
plugin@org.springframework.ide.eclipse.beans.ui.navigator=SVN,trunk,http://springide.org/repos,,org.springframework.ide.eclipse.beans.ui.navigator
plugin@org.springframework.ide.eclipse.beans.ui.search=SVN,trunk,http://springide.org/repos,,org.springframework.ide.eclipse.beans.ui.search
plugin@org.springframework.ide.eclipse.beans.ui.refactoring=SVN,trunk,http://springide.org/repos,,org.springframework.ide.eclipse.beans.ui.refactoring
plugin@org.springframework.ide.eclipse.core=SVN,trunk,http://springide.org/repos,,org.springframework.ide.eclipse.core
plugin@org.springframework.ide.eclipse.doc=SVN,trunk,http://springide.org/repos,,org.springframework.ide.eclipse.doc
plugin@org.springframework.ide.eclipse.ui=SVN,trunk,http://springide.org/repos,,org.springframework.ide.eclipse.ui
plugin@org.springframework.doc=SVN,trunk,http://springide.org/repos,,org.springframework.doc
plugin@org.springframework.source=SVN,trunk,http://springide.org/repos,,org.springframework.source
plugin@org.springframework.ide.eclipse.javaconfig.core=SVN,trunk,http://springide.org/repos,,org.springframework.ide.eclipse.javaconfig.core
plugin@org.springframework.ide.eclipse.javaconfig.ui=SVN,trunk,http://springide.org/repos,,org.springframework.ide.eclipse.javaconfig.ui
plugin@org.springframework.ide.eclipse.javaconfig.source=SVN,trunk,http://springide.org/repos,,org.springframework.ide.eclipse.javaconfig.source
plugin@org.springframework.ide.eclipse.webflow.core=SVN,trunk,http://springide.org/repos,,org.springframework.ide.eclipse.webflow.core
plugin@org.springframework.ide.eclipse.webflow.mylyn=SVN,trunk,http://springide.org/repos,,org.springframework.ide.eclipse.webflow.mylyn
plugin@org.springframework.ide.eclipse.webflow.ui=SVN,trunk,http://springide.org/repos,,org.springframework.ide.eclipse.webflow.ui
plugin@org.springframework.ide.eclipse.webflow.ui.editor=SVN,trunk,http://springide.org/repos,,org.springframework.ide.eclipse.webflow.ui.editor
plugin@org.springframework.ide.eclipse.webflow.ui.graph=SVN,trunk,http://springide.org/repos,,org.springframework.ide.eclipse.webflow.ui.graph
plugin@org.springframework.webflow.doc=SVN,trunk,http://springide.org/repos,,org.springframework.webflow.doc

# required osgi bundles
plugin@org.aopalliance=SVN,trunk,http://springide.org/repos,,required-bundles/aopalliance
plugin@org.aspectj.aspectjrt=SVN,trunk,http://springide.org/repos,,required-bundles/aspectjrt
plugin@org.aspectj.aspectjweaver=SVN,trunk,http://springide.org/repos,,required-bundles/aspectjweaver
plugin@jakarta.commons.collections=SVN,trunk,http://springide.org/repos,,required-bundles/commons-collections
plugin@jakarta.commons.logging=SVN,trunk,http://springide.org/repos,,required-bundles/commons-logging
plugin@org.springframework=SVN,trunk,http://springide.org/repos,,required-bundles/spring
plugin@org.springframework.webflow=SVN,trunk,http://springide.org/repos,,required-bundles/spring-webflow
plugin@org.springframework.binding=SVN,trunk,http://springide.org/repos,,required-bundles/spring-binding
plugin@org.springframework.javaconfig=SVN,trunk,http://springide.org/repos,,required-bundles/spring-javaconfig
plugin@org.springframework.osgi.spring-osgi-core=SVN,trunk,http://springide.org/repos,,required-bundles/spring-osgi-core
plugin@org.springframework.osgi.spring-osgi-extender=SVN,trunk,http://springide.org/repos,,required-bundles/spring-osgi-extender
plugin@org.springframework.osgi.spring-osgi-io=SVN,trunk,http://springide.org/repos,,required-bundles/spring-osgi-io
plugin@org.springframework.osgi.backport.util.concurrent=SVN,trunk,http://springide.org/repos,,required-bundles/backport-util-concurrent
plugin@org.springframework.javaconfig=SVN,trunk,http://springide.org/repos,,required-bundles/spring-javaconfig
plugin@org.objectweb.asm=SVN,trunk,http://springide.org/repos,,required-bundles/asm

