!*******************************************************************************************
! SVN map files format
! <type>@<id>=SVN,<tag>[:revision],<svnRepositoryURL>,<preTagPath>,<postTagPath>
!*******************************************************************************************
 
feature@org.springframework.ide.eclipse.feature=SVN,trunk,svn://localhost,,org.springframework.ide.eclipse.feature

plugin@org.springframework.ide.eclipse=SVN,trunk,svn://localhost,,org.springframework.ide.eclipse
plugin@org.springframework.ide.eclipse.beans.core=SVN,trunk,svn://localhost,,org.springframework.ide.eclipse.beans.core
plugin@org.springframework.ide.eclipse.beans.ui=SVN,trunk,svn://localhost,,org.springframework.ide.eclipse.beans.ui
plugin@org.springframework.ide.eclipse.beans.ui.editor=SVN,trunk,svn://localhost,,org.springframework.ide.eclipse.beans.ui.editor
plugin@org.springframework.ide.eclipse.beans.ui.graph=SVN,trunk,svn://localhost,,org.springframework.ide.eclipse.beans.ui.graph
plugin@org.springframework.ide.eclipse.beans.ui.navigator=SVN,trunk,svn://localhost,,org.springframework.ide.eclipse.beans.ui.navigator
plugin@org.springframework.ide.eclipse.beans.ui.search=SVN,trunk,svn://localhost,,org.springframework.ide.eclipse.beans.ui.search
plugin@org.springframework.ide.eclipse.core=SVN,trunk,svn://localhost,,org.springframework.ide.eclipse.core
plugin@org.springframework.ide.eclipse.ui=SVN,trunk,svn://localhost,,org.springframework.ide.eclipse.ui
plugin@org.springframework.ide.eclipse.aop.core=SVN,trunk,svn://localhost,,org.springframework.ide.eclipse.aop.core
plugin@org.springframework.ide.eclipse.aop.ui=SVN,trunk,svn://localhost,,org.springframework.ide.eclipse.aop.ui
plugin@org.springframework.ide.eclipse.aop.ui.visualiser=SVN,trunk,svn://localhost,,org.springframework.ide.eclipse.aop.ui.visualiser
plugin@org.springframework.ide.eclipse.aop.ui.xref=SVN,trunk,svn://localhost,,org.springframework.ide.eclipse.aop.ui.xref
plugin@org.springframework.doc=SVN,trunk,svn://localhost,,org.springframework.doc

# required osgi bundles
plugin@org.aopalliance=SVN,trunk,svn://localhost,,required-bundles/aopalliance
plugin@org.aspectj.aspectjrt=SVN,trunk,svn://localhost,,required-bundles/aspectjrt
plugin@org.aspectj.aspectjweaver=SVN,trunk,svn://localhost,,required-bundles/aspectjweaver
plugin@jakarta.commons.collections=SVN,trunk,svn://localhost,,required-bundles/commons-collections
plugin@jakarta.commons.logging=SVN,trunk,svn://localhost,,required-bundles/commons-logging
plugin@org.springframework=SVN,trunk,svn://localhost,,required-bundles/spring

