!*******************************************************************************************
! SVN map files format
! <type>@<id>=SVN,<tag>[:revision],<svnRepositoryURL>,<preTagPath>,<postTagPath>
!*******************************************************************************************
 
feature@org.springframework.ide.eclipse.feature=SVN,trunk,http://springide.org/repos,,org.springframework.ide.eclipse.feature
feature@org.springframework.ide.eclipse.feature.source=SVN,trunk,http://springide.org/repos,,org.springframework.ide.eclipse.feature.source
#feature@org.springframework.ide.eclipse.aop.feature=SVN,trunk,http://springide.org/repos,,org.springframework.ide.eclipse.aop.feature
#feature@org.springframework.ide.eclipse.aop.feature.source=SVN,trunk,http://springide.org/repos,,org.springframework.ide.eclipse.aop.feature.source
#feature@org.springframework.ide.eclipse.webflow.feature=SVN,trunk,http://springide.org/repos,,org.springframework.ide.eclipse.webflow.feature
#feature@org.springframework.ide.eclipse.webflow.feature.source=SVN,trunk,http://springide.org/repos,,org.springframework.ide.eclipse.webflow.feature.source
#feature@org.springframework.ide.eclipse.mylar.feature=SVN,trunk,http://springide.org/repos,,org.springframework.ide.eclipse.mylar.feature
#feature@org.springframework.ide.eclipse.mylar.feature.source=SVN,trunk,http://springide.org/repos,,org.springframework.ide.eclipse.mylar.feature.source

plugin@org.springframework.ide.eclipse=SVN,trunk,http://springide.org/repos,,org.springframework.ide.eclipse
plugin@org.springframework.ide.eclipse.source=SVN,trunk,http://springide.org/repos,,org.springframework.ide.eclipse.source
#plugin@org.springframework.ide.eclipse.aop.source=SVN,trunk,http://springide.org/repos,,org.springframework.ide.eclipse.aop.source
#plugin@org.springframework.ide.eclipse.webflow.source=SVN,trunk,http://springide.org/repos,,org.springframework.ide.eclipse.webflow.source
#plugin@org.springframework.ide.eclipse.mylar.source=SVN,trunk,http://springide.org/repos,,org.springframework.ide.eclipse.mylar.source
plugin@org.springframework.ide.eclipse.beans.core=SVN,trunk,http://springide.org/repos,,org.springframework.ide.eclipse.beans.core
plugin@org.springframework.ide.eclipse.beans.mylar=SVN,trunk,http://springide.org/repos,,org.springframework.ide.eclipse.beans.mylar
plugin@org.springframework.ide.eclipse.beans.ui=SVN,trunk,http://springide.org/repos,,org.springframework.ide.eclipse.beans.ui
plugin@org.springframework.ide.eclipse.beans.ui.editor=SVN,trunk,http://springide.org/repos,,org.springframework.ide.eclipse.beans.ui.editor
plugin@org.springframework.ide.eclipse.beans.ui.graph=SVN,trunk,http://springide.org/repos,,org.springframework.ide.eclipse.beans.ui.graph
plugin@org.springframework.ide.eclipse.beans.ui.navigator=SVN,trunk,http://springide.org/repos,,org.springframework.ide.eclipse.beans.ui.navigator
plugin@org.springframework.ide.eclipse.beans.ui.search=SVN,trunk,http://springide.org/repos,,org.springframework.ide.eclipse.beans.ui.search
plugin@org.springframework.ide.eclipse.beans.ui.refactoring=SVN,trunk,http://springide.org/repos,,org.springframework.ide.eclipse.beans.ui.refactoring
plugin@org.springframework.ide.eclipse.core=SVN,trunk,http://springide.org/repos,,org.springframework.ide.eclipse.core
plugin@org.springframework.ide.eclipse.doc=SVN,trunk,http://springide.org/repos,,org.springframework.ide.eclipse.doc
plugin@org.springframework.ide.eclipse.ui=SVN,trunk,http://springide.org/repos,,org.springframework.ide.eclipse.ui
plugin@org.springframework.ide.eclipse.aop.core=SVN,trunk,http://springide.org/repos,,org.springframework.ide.eclipse.aop.core
plugin@org.springframework.ide.eclipse.aop.ui=SVN,trunk,http://springide.org/repos,,org.springframework.ide.eclipse.aop.ui
plugin@org.springframework.ide.eclipse.aop.ui.visualiser=SVN,trunk,http://springide.org/repos,,org.springframework.ide.eclipse.aop.ui.visualiser
plugin@org.springframework.ide.eclipse.aop.ui.xref=SVN,trunk,http://springide.org/repos,,org.springframework.ide.eclipse.aop.ui.xref
plugin@org.springframework.doc=SVN,trunk,http://springide.org/repos,,org.springframework.doc
plugin@org.springframework.source=SVN,trunk,http://springide.org/repos,,org.springframework.source
plugin@org.springframework.ide.eclipse.javaconfig.core=SVN,trunk,http://springide.org/repos,,org.springframework.ide.eclipse.javaconfig.core
plugin@org.springframework.ide.eclipse.javaconfig.ui=SVN,trunk,http://springide.org/repos,,org.springframework.ide.eclipse.javaconfig.ui
plugin@org.springframework.ide.eclipse.webflow.core=SVN,trunk,http://springide.org/repos,,org.springframework.ide.eclipse.webflow.core
plugin@org.springframework.ide.eclipse.webflow.mylar=SVN,trunk,http://springide.org/repos,,org.springframework.ide.eclipse.webflow.mylar
plugin@org.springframework.ide.eclipse.webflow.ui=SVN,trunk,http://springide.org/repos,,org.springframework.ide.eclipse.webflow.ui
plugin@org.springframework.ide.eclipse.webflow.ui.editor=SVN,trunk,http://springide.org/repos,,org.springframework.ide.eclipse.webflow.ui.editor
plugin@org.springframework.ide.eclipse.webflow.ui.graph=SVN,trunk,http://springide.org/repos,,org.springframework.ide.eclipse.webflow.ui.graph
plugin@org.springframework.webflow.doc=SVN,trunk,http://springide.org/repos,,org.springframework.webflow.doc

# required osgi bundles
plugin@org.aopalliance=SVN,trunk,http://springide.org/repos,,required-bundles/aopalliance
plugin@org.aspectj.aspectjrt=SVN,trunk,http://springide.org/repos,,required-bundles/aspectjrt
plugin@org.aspectj.aspectjweaver=SVN,trunk,http://springide.org/repos,,required-bundles/aspectjweaver
plugin@jakarta.commons.collections=SVN,trunk,http://springide.org/repos,,required-bundles/commons-collections
plugin@jakarta.commons.logging=SVN,trunk,http://springide.org/repos,,required-bundles/commons-logging
plugin@org.springframework=SVN,trunk,http://springide.org/repos,,required-bundles/spring
plugin@org.springframework.webflow=SVN,trunk,http://springide.org/repos,,required-bundles/spring-webflow
plugin@org.springframework.binding=SVN,trunk,http://springide.org/repos,,required-bundles/spring-binding
plugin@org.springframework.javaconfig=SVN,trunk,http://springide.org/repos,,required-bundles/spring-javaconfig
plugin@org.objectweb.asm=SVN,trunk,http://springide.org/repos,,required-bundles/asm

