!*******************************************************************************************
! SVN map files format
! <type>@<id>=SVN,<tag>[:revision],<svnRepositoryURL>,<preTagPath>,<postTagPath>
!*******************************************************************************************
 
feature@org.springframework.ide.eclipse.feature=SVN,trunk,https://src.springframework.org/svn/spring-ide,,org.springframework.ide.eclipse.feature
feature@org.springframework.ide.eclipse.feature.source=SVN,trunk,https://src.springframework.org/svn/spring-ide,,org.springframework.ide.eclipse.feature.source
feature@org.springframework.ide.eclipse.aop.feature=SVN,trunk,https://src.springframework.org/svn/spring-ide,,org.springframework.ide.eclipse.aop.feature
feature@org.springframework.ide.eclipse.aop.feature.source=SVN,trunk,https://src.springframework.org/svn/spring-ide,,org.springframework.ide.eclipse.aop.feature.source
feature@org.springframework.ide.eclipse.ajdt.feature=SVN,trunk,https://src.springframework.org/svn/spring-ide,,org.springframework.ide.eclipse.ajdt.feature
feature@org.springframework.ide.eclipse.ajdt.feature.source=SVN,trunk,https://src.springframework.org/svn/spring-ide,,org.springframework.ide.eclipse.ajdt.feature.source
feature@org.springframework.ide.eclipse.dependency.feature=SVN,trunk,https://src.springframework.org/svn/spring-ide,,org.springframework.ide.eclipse.dependency.feature
feature@org.springframework.ide.eclipse.webflow.feature=SVN,trunk,https://src.springframework.org/svn/spring-ide,,org.springframework.ide.eclipse.webflow.feature
feature@org.springframework.ide.eclipse.webflow.feature.source=SVN,trunk,https://src.springframework.org/svn/spring-ide,,org.springframework.ide.eclipse.webflow.feature.source
feature@org.springframework.ide.eclipse.mylyn.feature=SVN,trunk,https://src.springframework.org/svn/spring-ide,,org.springframework.ide.eclipse.mylyn.feature
feature@org.springframework.ide.eclipse.mylyn.feature.source=SVN,trunk,https://src.springframework.org/svn/spring-ide,,org.springframework.ide.eclipse.mylyn.feature.source
feature@org.springframework.ide.eclipse.javaconfig.feature=SVN,trunk,https://src.springframework.org/svn/spring-ide,,org.springframework.ide.eclipse.javaconfig.feature
feature@org.springframework.ide.eclipse.javaconfig.feature.source=SVN,trunk,https://src.springframework.org/svn/spring-ide,,org.springframework.ide.eclipse.javaconfig.feature.source
feature@org.springframework.ide.eclipse.osgi.feature=SVN,trunk,https://src.springframework.org/svn/spring-ide,,org.springframework.ide.eclipse.osgi.feature
feature@org.springframework.ide.eclipse.osgi.feature.source=SVN,trunk,https://src.springframework.org/svn/spring-ide,,org.springframework.ide.eclipse.osgi.feature.source
feature@org.springframework.ide.eclipse.security.feature=SVN,trunk,https://src.springframework.org/svn/spring-ide,,org.springframework.ide.eclipse.security.feature
feature@org.springframework.ide.eclipse.security.feature.source=SVN,trunk,https://src.springframework.org/svn/spring-ide,,org.springframework.ide.eclipse.security.feature.source
feature@org.springframework.ide.eclipse.autowire.feature=SVN,trunk,https://src.springframework.org/svn/spring-ide,,org.springframework.ide.eclipse.autowire.feature
feature@org.springframework.ide.eclipse.autowire.feature.source=SVN,trunk,https://src.springframework.org/svn/spring-ide,,org.springframework.ide.eclipse.autowire.feature.source
feature@org.springframework.ide.eclipse.tests.feature=SVN,trunk,https://src.springframework.org/svn/spring-ide,,org.springframework.ide.eclipse.tests.feature

plugin@org.springframework.ide.eclipse=SVN,trunk,https://src.springframework.org/svn/spring-ide,,org.springframework.ide.eclipse
plugin@org.springframework.ide.eclipse.source=SVN,trunk,https://src.springframework.org/svn/spring-ide,,org.springframework.ide.eclipse.source
plugin@org.springframework.ide.eclipse.aop.source=SVN,trunk,https://src.springframework.org/svn/spring-ide,,org.springframework.ide.eclipse.aop.source
plugin@org.springframework.ide.eclipse.ajdt.source=SVN,trunk,https://src.springframework.org/svn/spring-ide,,org.springframework.ide.eclipse.ajdt.source
plugin@org.springframework.ide.eclipse.webflow.source=SVN,trunk,https://src.springframework.org/svn/spring-ide,,org.springframework.ide.eclipse.webflow.source
plugin@org.springframework.ide.eclipse.osgi.source=SVN,trunk,https://src.springframework.org/svn/spring-ide,,org.springframework.ide.eclipse.osgi.source
plugin@org.springframework.ide.eclipse.mylyn.source=SVN,trunk,https://src.springframework.org/svn/spring-ide,,org.springframework.ide.eclipse.mylyn.source
plugin@org.springframework.ide.eclipse.mylyn=SVN,trunk,https://src.springframework.org/svn/spring-ide,,org.springframework.ide.eclipse.mylyn
plugin@org.springframework.ide.eclipse.osgi=SVN,trunk,https://src.springframework.org/svn/spring-ide,,org.springframework.ide.eclipse.osgi
plugin@org.springframework.ide.eclipse.osgi.targetdefinition=SVN,trunk,https://src.springframework.org/svn/spring-ide,,org.springframework.ide.eclipse.osgi.targetdefinition
plugin@org.springframework.ide.eclipse.security=SVN,trunk,https://src.springframework.org/svn/spring-ide,,org.springframework.ide.eclipse.security
plugin@org.springframework.ide.eclipse.security.source=SVN,trunk,https://src.springframework.org/svn/spring-ide,,org.springframework.ide.eclipse.security.source
plugin@org.springframework.ide.eclipse.aop.core=SVN,trunk,https://src.springframework.org/svn/spring-ide,,org.springframework.ide.eclipse.aop.core
plugin@org.springframework.ide.eclipse.aop.ui=SVN,trunk,https://src.springframework.org/svn/spring-ide,,org.springframework.ide.eclipse.aop.ui
plugin@org.springframework.ide.eclipse.aop.ui.matcher=SVN,trunk,https://src.springframework.org/svn/spring-ide,,org.springframework.ide.eclipse.aop.ui.matcher
plugin@org.springframework.ide.eclipse.aop.mylyn=SVN,trunk,https://src.springframework.org/svn/spring-ide,,org.springframework.ide.eclipse.aop.mylyn
plugin@org.springframework.ide.eclipse.ajdt.ui.visualiser=SVN,trunk,https://src.springframework.org/svn/spring-ide,,org.springframework.ide.eclipse.ajdt.ui.visualiser
plugin@org.springframework.ide.eclipse.ajdt.ui.xref=SVN,trunk,https://src.springframework.org/svn/spring-ide,,org.springframework.ide.eclipse.ajdt.ui.xref
plugin@org.springframework.ide.eclipse.beans.core=SVN,trunk,https://src.springframework.org/svn/spring-ide,,org.springframework.ide.eclipse.beans.core
plugin@org.springframework.ide.eclipse.beans.core.tests=SVN,trunk,https://src.springframework.org/svn/spring-ide,,org.springframework.ide.eclipse.beans.core.tests
plugin@org.springframework.ide.eclipse.beans.core.autowire=SVN,trunk,https://src.springframework.org/svn/spring-ide,,org.springframework.ide.eclipse.beans.core.autowire
plugin@org.springframework.ide.eclipse.beans.osgibridge=SVN,trunk,https://src.springframework.org/svn/spring-ide,,org.springframework.ide.eclipse.beans.osgibridge
plugin@org.springframework.ide.eclipse.beans.mylyn=SVN,trunk,https://src.springframework.org/svn/spring-ide,,org.springframework.ide.eclipse.beans.mylyn
plugin@org.springframework.ide.eclipse.beans.ui=SVN,trunk,https://src.springframework.org/svn/spring-ide,,org.springframework.ide.eclipse.beans.ui
plugin@org.springframework.ide.eclipse.beans.ui.editor=SVN,trunk,https://src.springframework.org/svn/spring-ide,,org.springframework.ide.eclipse.beans.ui.editor
plugin@org.springframework.ide.eclipse.beans.ui.graph=SVN,trunk,https://src.springframework.org/svn/spring-ide,,org.springframework.ide.eclipse.beans.ui.graph
plugin@org.springframework.ide.eclipse.beans.ui.navigator=SVN,trunk,https://src.springframework.org/svn/spring-ide,,org.springframework.ide.eclipse.beans.ui.navigator
plugin@org.springframework.ide.eclipse.beans.ui.search=SVN,trunk,https://src.springframework.org/svn/spring-ide,,org.springframework.ide.eclipse.beans.ui.search
plugin@org.springframework.ide.eclipse.beans.ui.refactoring=SVN,trunk,https://src.springframework.org/svn/spring-ide,,org.springframework.ide.eclipse.beans.ui.refactoring
plugin@org.springframework.ide.eclipse.core=SVN,trunk,https://src.springframework.org/svn/spring-ide,,org.springframework.ide.eclipse.core
plugin@org.springframework.ide.eclipse.doc=SVN,trunk,https://src.springframework.org/svn/spring-ide,,org.springframework.ide.eclipse.doc
plugin@org.springframework.ide.eclipse.ui=SVN,trunk,https://src.springframework.org/svn/spring-ide,,org.springframework.ide.eclipse.ui
plugin@org.springframework.bundle.spring.doc=SVN,trunk,https://src.springframework.org/svn/spring-ide,,org.springframework.bundle.spring.doc
plugin@org.springframework.source=SVN,trunk,https://src.springframework.org/svn/spring-ide,,org.springframework.source
plugin@org.springframework.osgi.source=SVN,trunk,https://src.springframework.org/svn/spring-ide,,org.springframework.osgi.source
plugin@org.springframework.ide.eclipse.autowire.source=SVN,trunk,https://src.springframework.org/svn/spring-ide,,org.springframework.ide.eclipse.autowire.source
plugin@org.springframework.ide.eclipse.javaconfig.core=SVN,trunk,https://src.springframework.org/svn/spring-ide,,org.springframework.ide.eclipse.javaconfig.core
plugin@org.springframework.ide.eclipse.javaconfig.ui=SVN,trunk,https://src.springframework.org/svn/spring-ide,,org.springframework.ide.eclipse.javaconfig.ui
plugin@org.springframework.ide.eclipse.javaconfig.source=SVN,trunk,https://src.springframework.org/svn/spring-ide,,org.springframework.ide.eclipse.javaconfig.source
plugin@org.springframework.ide.eclipse.webflow.core=SVN,trunk,https://src.springframework.org/svn/spring-ide,,org.springframework.ide.eclipse.webflow.core
plugin@org.springframework.ide.eclipse.webflow.mylyn=SVN,trunk,https://src.springframework.org/svn/spring-ide,,org.springframework.ide.eclipse.webflow.mylyn
plugin@org.springframework.ide.eclipse.webflow.ui=SVN,trunk,https://src.springframework.org/svn/spring-ide,,org.springframework.ide.eclipse.webflow.ui
plugin@org.springframework.ide.eclipse.webflow.ui.editor=SVN,trunk,https://src.springframework.org/svn/spring-ide,,org.springframework.ide.eclipse.webflow.ui.editor
plugin@org.springframework.ide.eclipse.webflow.ui.graph=SVN,trunk,https://src.springframework.org/svn/spring-ide,,org.springframework.ide.eclipse.webflow.ui.graph
plugin@org.springframework.webflow.doc=SVN,trunk,https://src.springframework.org/svn/spring-ide,,org.springframework.webflow.doc
plugin@org.springframework.bundle.osgi.doc=SVN,trunk,https://src.springframework.org/svn/spring-ide,,org.springframework.bundle.osgi.doc

plugin@org.springframework.javaconfig=SVN,trunk,https://src.springframework.org/svn/spring-ide,,required-bundles/spring-javaconfig

# required osgi bundles
plugin@com.springsource.edu.emory.mathcs.backport=GET,http://repository.springsource.com/ivy/bundles/external/edu.emory.mathcs.backport/com.springsource.edu.emory.mathcs.backport/3.1.0/com.springsource.edu.emory.mathcs.backport-3.1.0.jar
plugin@com.springsource.javax.annotation=GET,http://repository.springsource.com/ivy/bundles/external/javax.annotation/com.springsource.javax.annotation/1.0.0/com.springsource.javax.annotation-1.0.0.jar
plugin@com.springsource.javax.el=GET,http://repository.springsource.com/ivy/bundles/external/javax.el/com.springsource.javax.el/1.0.0/com.springsource.javax.el-1.0.0.jar
plugin@com.springsource.javax.jms=GET,http://repository.springsource.com/ivy/bundles/external/javax.jms/com.springsource.javax.jms/1.1.0/com.springsource.javax.jms-1.1.0.jar
plugin@com.springsource.javax.servlet=GET,http://repository.springsource.com/ivy/bundles/external/javax.servlet/com.springsource.javax.servlet/2.5.0/com.springsource.javax.servlet-2.5.0.jar
plugin@com.springsource.javax.servlet.jsp=GET,http://repository.springsource.com/ivy/bundles/external/javax.servlet/com.springsource.javax.servlet.jsp/2.1.0/com.springsource.javax.servlet.jsp-2.1.0.jar
plugin@com.springsource.javax.servlet.jsp.jstl=GET,http://repository.springsource.com/ivy/bundles/external/javax.servlet/com.springsource.javax.servlet.jsp.jstl/1.2.0/com.springsource.javax.servlet.jsp.jstl-1.2.0.jar
plugin@com.springsource.org.aopalliance=GET,http://repository.springsource.com/ivy/bundles/external/org.aopalliance/com.springsource.org.aopalliance/1.0.0/com.springsource.org.aopalliance-1.0.0.jar
plugin@com.springsource.org.apache.commons.codec=GET,http://repository.springsource.com/ivy/bundles/external/org.apache.commons/com.springsource.org.apache.commons.codec/1.3.0/com.springsource.org.apache.commons.codec-1.3.0.jar
plugin@com.springsource.org.apache.commons.collections=GET,http://repository.springsource.com/ivy/bundles/external/org.apache.commons/com.springsource.org.apache.commons.collections/3.2.0/com.springsource.org.apache.commons.collections-3.2.0.jar
plugin@com.springsource.org.apache.commons.logging=GET,http://repository.springsource.com/ivy/bundles/external/org.apache.commons/com.springsource.org.apache.commons.logging/1.1.1/com.springsource.org.apache.commons.logging-1.1.1.jar
plugin@com.springsource.org.apache.myfaces.javax.faces=GET,http://repository.springsource.com/ivy/bundles/external/org.apache.myfaces/com.springsource.org.apache.myfaces.javax.faces/1.2.2/com.springsource.org.apache.myfaces.javax.faces-1.2.2.jar
plugin@com.springsource.org.aspectj.runtime=GET,http://repository.springsource.com/ivy/bundles/external/org.aspectj/com.springsource.org.aspectj.runtime/1.6.2.RELEASE/com.springsource.org.aspectj.runtime-1.6.2.RELEASE.jar
plugin@com.springsource.org.aspectj.weaver=GET,http://repository.springsource.com/ivy/bundles/external/org.aspectj/com.springsource.org.aspectj.weaver/1.6.2.RELEASE/com.springsource.org.aspectj.weaver-1.6.2.RELEASE.jar
plugin@com.springsource.org.objectweb.asm=GET,http://repository.springsource.com/ivy/bundles/external/org.objectweb.asm/com.springsource.org.objectweb.asm/2.2.3/com.springsource.org.objectweb.asm-2.2.3.jar
plugin@com.springsource.org.objectweb.asm.commons=GET,http://repository.springsource.com/ivy/bundles/external/org.objectweb.asm/com.springsource.org.objectweb.asm.commons/2.2.3/com.springsource.org.objectweb.asm.commons-2.2.3.jar
plugin@org.springframework.aop=GET,http://repository.springsource.com/ivy/bundles/release/org.springframework/org.springframework.aop/2.5.6.A/org.springframework.aop-2.5.6.A.jar
plugin@org.springframework.aspects=GET,http://repository.springsource.com/ivy/bundles/release/org.springframework/org.springframework.aspects/2.5.6.A/org.springframework.aspects-2.5.6.A.jar
plugin@org.springframework.beans=GET,http://repository.springsource.com/ivy/bundles/release/org.springframework/org.springframework.beans/2.5.6.A/org.springframework.beans-2.5.6.A.jar
plugin@org.springframework.binding=GET,http://repository.springsource.com/ivy/bundles/release/org.springframework.webflow/org.springframework.binding/2.0.5.RELEASE/org.springframework.binding-2.0.5.RELEASE.jar
plugin@org.springframework.context=GET,http://repository.springsource.com/ivy/bundles/release/org.springframework/org.springframework.context/2.5.6.A/org.springframework.context-2.5.6.A.jar
plugin@org.springframework.context.support=GET,http://repository.springsource.com/ivy/bundles/release/org.springframework/org.springframework.context.support/2.5.6.A/org.springframework.context.support-2.5.6.A.jar
plugin@org.springframework.core=GET,http://repository.springsource.com/ivy/bundles/release/org.springframework/org.springframework.core/2.5.6.A/org.springframework.core-2.5.6.A.jar
plugin@org.springframework.faces=GET,http://repository.springsource.com/ivy/bundles/release/org.springframework.webflow/org.springframework.faces/2.0.5.RELEASE/org.springframework.faces-2.0.5.RELEASE.jar
plugin@org.springframework.jdbc=GET,http://repository.springsource.com/ivy/bundles/release/org.springframework/org.springframework.jdbc/2.5.6.A/org.springframework.jdbc-2.5.6.A.jar
plugin@org.springframework.jms=GET,http://repository.springsource.com/ivy/bundles/release/org.springframework/org.springframework.jms/2.5.6.A/org.springframework.jms-2.5.6.A.jar
plugin@org.springframework.js=GET,http://repository.springsource.com/ivy/bundles/release/org.springframework.webflow/org.springframework.js/2.0.5.RELEASE/org.springframework.js-2.0.5.RELEASE.jar
plugin@org.springframework.orm=GET,http://repository.springsource.com/ivy/bundles/release/org.springframework/org.springframework.orm/2.5.6.A/org.springframework.orm-2.5.6.A.jar
plugin@org.springframework.osgi.core=GET,http://repository.springsource.com/ivy/bundles/release/org.springframework.osgi/org.springframework.osgi.core/1.1.2.B/org.springframework.osgi.core-1.1.2.B.jar
plugin@org.springframework.osgi.extender=GET,http://repository.springsource.com/ivy/bundles/release/org.springframework.osgi/org.springframework.osgi.extender/1.1.2.B/org.springframework.osgi.extender-1.1.2.B.jar
plugin@org.springframework.osgi.io=GET,http://repository.springsource.com/ivy/bundles/release/org.springframework.osgi/org.springframework.osgi.io/1.1.2.B/org.springframework.osgi.io-1.1.2.B.jar
plugin@org.springframework.security=GET,http://repository.springsource.com/ivy/bundles/release/org.springframework.security/org.springframework.security/2.0.4.A/org.springframework.security-2.0.4.A.jar
plugin@org.springframework.security.annotation=GET,http://repository.springsource.com/ivy/bundles/release/org.springframework.security/org.springframework.security.annotation/2.0.4.A/org.springframework.security.annotation-2.0.4.A.jar
plugin@org.springframework.transaction=GET,http://repository.springsource.com/ivy/bundles/release/org.springframework/org.springframework.transaction/2.5.6.A/org.springframework.transaction-2.5.6.A.jar
plugin@org.springframework.web=GET,http://repository.springsource.com/ivy/bundles/release/org.springframework/org.springframework.web/2.5.6.A/org.springframework.web-2.5.6.A.jar
plugin@org.springframework.web.servlet=GET,http://repository.springsource.com/ivy/bundles/release/org.springframework/org.springframework.web.servlet/2.5.6.A/org.springframework.web.servlet-2.5.6.A.jar
plugin@org.springframework.webflow=GET,http://repository.springsource.com/ivy/bundles/release/org.springframework.webflow/org.springframework.webflow/2.0.5.RELEASE/org.springframework.webflow-2.0.5.RELEASE.jar

plugin@org.eclipse.equinox.event=GET,http://mirror.csclub.uwaterloo.ca/eclipse/equinox/drops/R-3.4.1-200809111700/org.eclipse.equinox.event_1.1.0.v20080225.jar
