!*******************************************************************************************
! SVN map files format
! <type>@<id>=SVN,<tag>[:revision],<svnRepositoryURL>,<preTagPath>,<postTagPath>
!*******************************************************************************************
 
feature@org.springframework.ide.eclipse.feature=SVN,trunk,https://src.springframework.org/svn/spring-ide,,org.springframework.ide.eclipse.feature
feature@org.springframework.ide.eclipse.feature.source=SVN,trunk,https://src.springframework.org/svn/spring-ide,,org.springframework.ide.eclipse.feature.source
feature@org.springframework.ide.eclipse.aop.feature=SVN,trunk,https://src.springframework.org/svn/spring-ide,,org.springframework.ide.eclipse.aop.feature
feature@org.springframework.ide.eclipse.aop.feature.source=SVN,trunk,https://src.springframework.org/svn/spring-ide,,org.springframework.ide.eclipse.aop.feature.source
feature@org.springframework.ide.eclipse.batch.feature=SVN,trunk,https://src.springframework.org/svn/spring-ide,,org.springframework.ide.eclipse.batch.feature
feature@org.springframework.ide.eclipse.batch.feature.source=SVN,trunk,https://src.springframework.org/svn/spring-ide,,org.springframework.ide.eclipse.batch.feature.source
feature@org.springframework.ide.eclipse.ajdt.feature=SVN,trunk,https://src.springframework.org/svn/spring-ide,,org.springframework.ide.eclipse.ajdt.feature
feature@org.springframework.ide.eclipse.ajdt.feature.source=SVN,trunk,https://src.springframework.org/svn/spring-ide,,org.springframework.ide.eclipse.ajdt.feature.source
feature@org.springframework.ide.eclipse.dependency.feature=SVN,trunk,https://src.springframework.org/svn/spring-ide,,org.springframework.ide.eclipse.dependency.feature
feature@org.springframework.ide.eclipse.webflow.feature=SVN,trunk,https://src.springframework.org/svn/spring-ide,,org.springframework.ide.eclipse.webflow.feature
feature@org.springframework.ide.eclipse.webflow.feature.source=SVN,trunk,https://src.springframework.org/svn/spring-ide,,org.springframework.ide.eclipse.webflow.feature.source
feature@org.springframework.ide.eclipse.mylyn.feature=SVN,trunk,https://src.springframework.org/svn/spring-ide,,org.springframework.ide.eclipse.mylyn.feature
feature@org.springframework.ide.eclipse.mylyn.feature.source=SVN,trunk,https://src.springframework.org/svn/spring-ide,,org.springframework.ide.eclipse.mylyn.feature.source
feature@org.springframework.ide.eclipse.javaconfig.feature=SVN,trunk,https://src.springframework.org/svn/spring-ide,,org.springframework.ide.eclipse.javaconfig.feature
feature@org.springframework.ide.eclipse.javaconfig.feature.source=SVN,trunk,https://src.springframework.org/svn/spring-ide,,org.springframework.ide.eclipse.javaconfig.feature.source
feature@org.springframework.ide.eclipse.osgi.feature=SVN,trunk,https://src.springframework.org/svn/spring-ide,,org.springframework.ide.eclipse.osgi.feature
feature@org.springframework.ide.eclipse.osgi.feature.source=SVN,trunk,https://src.springframework.org/svn/spring-ide,,org.springframework.ide.eclipse.osgi.feature.source
feature@org.springframework.ide.eclipse.security.feature=SVN,trunk,https://src.springframework.org/svn/spring-ide,,org.springframework.ide.eclipse.security.feature
feature@org.springframework.ide.eclipse.security.feature.source=SVN,trunk,https://src.springframework.org/svn/spring-ide,,org.springframework.ide.eclipse.security.feature.source
feature@org.springframework.ide.eclipse.autowire.feature=SVN,trunk,https://src.springframework.org/svn/spring-ide,,org.springframework.ide.eclipse.autowire.feature
feature@org.springframework.ide.eclipse.autowire.feature.source=SVN,trunk,https://src.springframework.org/svn/spring-ide,,org.springframework.ide.eclipse.autowire.feature.source
feature@org.springframework.ide.eclipse.tests.feature=SVN,trunk,https://src.springframework.org/svn/spring-ide,,org.springframework.ide.eclipse.tests.feature

plugin@org.springframework.ide.eclipse=SVN,trunk,https://src.springframework.org/svn/spring-ide,,org.springframework.ide.eclipse
plugin@org.springframework.ide.eclipse.source=SVN,trunk,https://src.springframework.org/svn/spring-ide,,org.springframework.ide.eclipse.source
plugin@org.springframework.ide.eclipse.aop.source=SVN,trunk,https://src.springframework.org/svn/spring-ide,,org.springframework.ide.eclipse.aop.source
plugin@org.springframework.ide.eclipse.ajdt.source=SVN,trunk,https://src.springframework.org/svn/spring-ide,,org.springframework.ide.eclipse.ajdt.source
plugin@org.springframework.ide.eclipse.webflow.source=SVN,trunk,https://src.springframework.org/svn/spring-ide,,org.springframework.ide.eclipse.webflow.source
plugin@org.springframework.ide.eclipse.osgi.source=SVN,trunk,https://src.springframework.org/svn/spring-ide,,org.springframework.ide.eclipse.osgi.source
plugin@org.springframework.ide.eclipse.mylyn.source=SVN,trunk,https://src.springframework.org/svn/spring-ide,,org.springframework.ide.eclipse.mylyn.source
plugin@org.springframework.ide.eclipse.mylyn=SVN,trunk,https://src.springframework.org/svn/spring-ide,,org.springframework.ide.eclipse.mylyn
plugin@org.springframework.ide.eclipse.osgi=SVN,trunk,https://src.springframework.org/svn/spring-ide,,org.springframework.ide.eclipse.osgi
plugin@org.springframework.ide.eclipse.batch=SVN,trunk,https://src.springframework.org/svn/spring-ide,,org.springframework.ide.eclipse.batch
plugin@org.springframework.ide.eclipse.osgi.targetdefinition=SVN,trunk,https://src.springframework.org/svn/spring-ide,,org.springframework.ide.eclipse.osgi.targetdefinition
plugin@org.springframework.ide.eclipse.security=SVN,trunk,https://src.springframework.org/svn/spring-ide,,org.springframework.ide.eclipse.security
plugin@org.springframework.ide.eclipse.security.source=SVN,trunk,https://src.springframework.org/svn/spring-ide,,org.springframework.ide.eclipse.security.source
plugin@org.springframework.ide.eclipse.aop.core=SVN,trunk,https://src.springframework.org/svn/spring-ide,,org.springframework.ide.eclipse.aop.core
plugin@org.springframework.ide.eclipse.aop.ui=SVN,trunk,https://src.springframework.org/svn/spring-ide,,org.springframework.ide.eclipse.aop.ui
plugin@org.springframework.ide.eclipse.aop.ui.matcher=SVN,trunk,https://src.springframework.org/svn/spring-ide,,org.springframework.ide.eclipse.aop.ui.matcher
plugin@org.springframework.ide.eclipse.aop.mylyn=SVN,trunk,https://src.springframework.org/svn/spring-ide,,org.springframework.ide.eclipse.aop.mylyn
plugin@org.springframework.ide.eclipse.ajdt.ui.visualiser=SVN,trunk,https://src.springframework.org/svn/spring-ide,,org.springframework.ide.eclipse.ajdt.ui.visualiser
plugin@org.springframework.ide.eclipse.ajdt.ui.xref=SVN,trunk,https://src.springframework.org/svn/spring-ide,,org.springframework.ide.eclipse.ajdt.ui.xref
plugin@org.springframework.ide.eclipse.beans.core=SVN,trunk,https://src.springframework.org/svn/spring-ide,,org.springframework.ide.eclipse.beans.core
plugin@org.springframework.ide.eclipse.beans.core.tests=SVN,trunk,https://src.springframework.org/svn/spring-ide,,org.springframework.ide.eclipse.beans.core.tests
plugin@org.springframework.ide.eclipse.beans.core.autowire=SVN,trunk,https://src.springframework.org/svn/spring-ide,,org.springframework.ide.eclipse.beans.core.autowire
plugin@org.springframework.ide.eclipse.beans.osgibridge=SVN,trunk,https://src.springframework.org/svn/spring-ide,,org.springframework.ide.eclipse.beans.osgibridge
plugin@org.springframework.ide.eclipse.beans.mylyn=SVN,trunk,https://src.springframework.org/svn/spring-ide,,org.springframework.ide.eclipse.beans.mylyn
plugin@org.springframework.ide.eclipse.beans.ui=SVN,trunk,https://src.springframework.org/svn/spring-ide,,org.springframework.ide.eclipse.beans.ui
plugin@org.springframework.ide.eclipse.beans.ui.editor=SVN,trunk,https://src.springframework.org/svn/spring-ide,,org.springframework.ide.eclipse.beans.ui.editor
plugin@org.springframework.ide.eclipse.beans.ui.graph=SVN,trunk,https://src.springframework.org/svn/spring-ide,,org.springframework.ide.eclipse.beans.ui.graph
plugin@org.springframework.ide.eclipse.beans.ui.navigator=SVN,trunk,https://src.springframework.org/svn/spring-ide,,org.springframework.ide.eclipse.beans.ui.navigator
plugin@org.springframework.ide.eclipse.beans.ui.search=SVN,trunk,https://src.springframework.org/svn/spring-ide,,org.springframework.ide.eclipse.beans.ui.search
plugin@org.springframework.ide.eclipse.beans.ui.refactoring=SVN,trunk,https://src.springframework.org/svn/spring-ide,,org.springframework.ide.eclipse.beans.ui.refactoring
plugin@org.springframework.ide.eclipse.core=SVN,trunk,https://src.springframework.org/svn/spring-ide,,org.springframework.ide.eclipse.core
plugin@org.springframework.ide.eclipse.doc=SVN,trunk,https://src.springframework.org/svn/spring-ide,,org.springframework.ide.eclipse.doc
plugin@org.springframework.ide.eclipse.ui=SVN,trunk,https://src.springframework.org/svn/spring-ide,,org.springframework.ide.eclipse.ui
plugin@org.springframework.bundle.spring.doc=SVN,trunk,https://src.springframework.org/svn/spring-ide,,org.springframework.bundle.spring.doc
plugin@org.springframework.source=SVN,trunk,https://src.springframework.org/svn/spring-ide,,org.springframework.source
plugin@org.springframework.osgi.source=SVN,trunk,https://src.springframework.org/svn/spring-ide,,org.springframework.osgi.source
plugin@org.springframework.ide.eclipse.autowire.source=SVN,trunk,https://src.springframework.org/svn/spring-ide,,org.springframework.ide.eclipse.autowire.source
plugin@org.springframework.ide.eclipse.javaconfig.core=SVN,trunk,https://src.springframework.org/svn/spring-ide,,org.springframework.ide.eclipse.javaconfig.core
plugin@org.springframework.ide.eclipse.javaconfig.ui=SVN,trunk,https://src.springframework.org/svn/spring-ide,,org.springframework.ide.eclipse.javaconfig.ui
plugin@org.springframework.ide.eclipse.javaconfig.source=SVN,trunk,https://src.springframework.org/svn/spring-ide,,org.springframework.ide.eclipse.javaconfig.source
plugin@org.springframework.ide.eclipse.webflow.core=SVN,trunk,https://src.springframework.org/svn/spring-ide,,org.springframework.ide.eclipse.webflow.core
plugin@org.springframework.ide.eclipse.webflow.mylyn=SVN,trunk,https://src.springframework.org/svn/spring-ide,,org.springframework.ide.eclipse.webflow.mylyn
plugin@org.springframework.ide.eclipse.webflow.ui=SVN,trunk,https://src.springframework.org/svn/spring-ide,,org.springframework.ide.eclipse.webflow.ui
plugin@org.springframework.ide.eclipse.webflow.ui.editor=SVN,trunk,https://src.springframework.org/svn/spring-ide,,org.springframework.ide.eclipse.webflow.ui.editor
plugin@org.springframework.ide.eclipse.webflow.ui.graph=SVN,trunk,https://src.springframework.org/svn/spring-ide,,org.springframework.ide.eclipse.webflow.ui.graph
plugin@org.springframework.webflow.doc=SVN,trunk,https://src.springframework.org/svn/spring-ide,,org.springframework.webflow.doc
plugin@org.springframework.bundle.osgi.doc=SVN,trunk,https://src.springframework.org/svn/spring-ide,,org.springframework.bundle.osgi.doc

plugin@org.springframework.javaconfig=SVN,trunk,https://src.springframework.org/svn/spring-ide,,required-bundles/spring-javaconfig

# required osgi bundles
plugin@org.springframework.binding=GET,https://src.springframework.org/svn/spring-ide/trunk/required-bundles/org.springframework.binding-2.0.7.A.jar
plugin@org.springframework.binding.source=GET,https://src.springframework.org/svn/spring-ide/trunk/required-bundles/org.springframework.binding.source-2.0.7.A.jar
plugin@org.springframework.faces=GET,https://src.springframework.org/svn/spring-ide/trunk/required-bundles/org.springframework.faces-2.0.7.A.jar
plugin@org.springframework.faces.source=GET,https://src.springframework.org/svn/spring-ide/trunk/required-bundles/org.springframework.faces.source-2.0.7.A.jar
plugin@org.springframework.js=GET,https://src.springframework.org/svn/spring-ide/trunk/required-bundles/org.springframework.js-2.0.7.A.jar
plugin@org.springframework.js.source=GET,https://src.springframework.org/svn/spring-ide/trunk/required-bundles/org.springframework.js.source-2.0.7.A.jar
plugin@org.springframework.webflow=GET,https://src.springframework.org/svn/spring-ide/trunk/required-bundles/org.springframework.webflow-2.0.7.A.jar
plugin@org.springframework.webflow.source=GET,https://src.springframework.org/svn/spring-ide/trunk/required-bundles/org.springframework.webflow.source-2.0.7.A.jar
plugin@com.springsource.edu.emory.mathcs.backport=GET,https://src.springframework.org/svn/spring-ide/trunk/required-bundles/com.springsource.edu.emory.mathcs.backport-3.1.0.jar
plugin@com.springsource.edu.emory.mathcs.backport.source=GET,https://src.springframework.org/svn/spring-ide/trunk/required-bundles/com.springsource.edu.emory.mathcs.backport.source-3.1.0.jar
plugin@com.springsource.javax.annotation=GET,https://src.springframework.org/svn/spring-ide/trunk/required-bundles/com.springsource.javax.annotation-1.0.0.jar
plugin@com.springsource.javax.annotation.source=GET,https://src.springframework.org/svn/spring-ide/trunk/required-bundles/com.springsource.javax.annotation.source-1.0.0.jar
plugin@com.springsource.javax.el=GET,https://src.springframework.org/svn/spring-ide/trunk/required-bundles/com.springsource.javax.el-1.0.0.jar
plugin@com.springsource.javax.el.source=GET,https://src.springframework.org/svn/spring-ide/trunk/required-bundles/com.springsource.javax.el.source-1.0.0.jar
plugin@com.springsource.javax.jms=GET,https://src.springframework.org/svn/spring-ide/trunk/required-bundles/com.springsource.javax.jms-1.1.0.jar
plugin@com.springsource.javax.jms.source=GET,https://src.springframework.org/svn/spring-ide/trunk/required-bundles/com.springsource.javax.jms.source-1.1.0.jar
plugin@com.springsource.javax.servlet=GET,https://src.springframework.org/svn/spring-ide/trunk/required-bundles/com.springsource.javax.servlet-2.5.0.jar
plugin@com.springsource.javax.servlet.jsp=GET,https://src.springframework.org/svn/spring-ide/trunk/required-bundles/com.springsource.javax.servlet.jsp-2.1.0.jar
plugin@com.springsource.javax.servlet.jsp.jstl=GET,https://src.springframework.org/svn/spring-ide/trunk/required-bundles/com.springsource.javax.servlet.jsp.jstl-1.2.0.jar
plugin@com.springsource.javax.servlet.jsp.jstl.source=GET,https://src.springframework.org/svn/spring-ide/trunk/required-bundles/com.springsource.javax.servlet.jsp.jstl.source-1.2.0.jar
plugin@com.springsource.javax.servlet.jsp.source=GET,https://src.springframework.org/svn/spring-ide/trunk/required-bundles/com.springsource.javax.servlet.jsp.source-2.1.0.jar
plugin@com.springsource.javax.servlet.source=GET,https://src.springframework.org/svn/spring-ide/trunk/required-bundles/com.springsource.javax.servlet.source-2.5.0.jar
plugin@com.springsource.javax.xml.stream=GET,https://src.springframework.org/svn/spring-ide/trunk/required-bundles/com.springsource.javax.xml.stream-1.0.1.jar
plugin@com.springsource.javax.xml.stream.source=GET,https://src.springframework.org/svn/spring-ide/trunk/required-bundles/com.springsource.javax.xml.stream.source-1.0.1.jar
plugin@com.springsource.org.antlr=GET,https://src.springframework.org/svn/spring-ide/trunk/required-bundles/com.springsource.org.antlr-3.0.1.jar
plugin@com.springsource.org.antlr.source=GET,https://src.springframework.org/svn/spring-ide/trunk/required-bundles/com.springsource.org.antlr.source-3.0.1.jar
plugin@com.springsource.org.aopalliance=GET,https://src.springframework.org/svn/spring-ide/trunk/required-bundles/com.springsource.org.aopalliance-1.0.0.jar
plugin@com.springsource.org.aopalliance.source=GET,https://src.springframework.org/svn/spring-ide/trunk/required-bundles/com.springsource.org.aopalliance.source-1.0.0.jar
plugin@com.springsource.org.apache.commons.codec=GET,https://src.springframework.org/svn/spring-ide/trunk/required-bundles/com.springsource.org.apache.commons.codec-1.3.0.jar
plugin@com.springsource.org.apache.commons.codec.source=GET,https://src.springframework.org/svn/spring-ide/trunk/required-bundles/com.springsource.org.apache.commons.codec.source-1.3.0.jar
plugin@com.springsource.org.apache.commons.collections=GET,https://src.springframework.org/svn/spring-ide/trunk/required-bundles/com.springsource.org.apache.commons.collections-3.2.0.jar
plugin@com.springsource.org.apache.commons.collections.source=GET,https://src.springframework.org/svn/spring-ide/trunk/required-bundles/com.springsource.org.apache.commons.collections.source-3.2.0.jar
plugin@com.springsource.org.apache.commons.logging=GET,https://src.springframework.org/svn/spring-ide/trunk/required-bundles/com.springsource.org.apache.commons.logging-1.1.1.jar
plugin@com.springsource.org.apache.commons.logging.source=GET,https://src.springframework.org/svn/spring-ide/trunk/required-bundles/com.springsource.org.apache.commons.logging.source-1.1.1.jar
plugin@com.springsource.org.apache.myfaces.javax.faces=GET,https://src.springframework.org/svn/spring-ide/trunk/required-bundles/com.springsource.org.apache.myfaces.javax.faces-1.2.2.jar
plugin@com.springsource.org.apache.myfaces.javax.faces.source=GET,https://src.springframework.org/svn/spring-ide/trunk/required-bundles/com.springsource.org.apache.myfaces.javax.faces.source-1.2.2.jar
plugin@com.springsource.org.aspectj.runtime=GET,https://src.springframework.org/svn/spring-ide/trunk/required-bundles/com.springsource.org.aspectj.runtime-1.6.3.RELEASE.jar
plugin@com.springsource.org.aspectj.runtime.source=GET,https://src.springframework.org/svn/spring-ide/trunk/required-bundles/com.springsource.org.aspectj.runtime.source-1.6.3.RELEASE.jar
plugin@com.springsource.org.aspectj.weaver=GET,https://src.springframework.org/svn/spring-ide/trunk/required-bundles/com.springsource.org.aspectj.weaver-1.6.3.RELEASE.jar
plugin@com.springsource.org.aspectj.weaver.source=GET,https://src.springframework.org/svn/spring-ide/trunk/required-bundles/com.springsource.org.aspectj.weaver.source-1.6.3.RELEASE.jar
plugin@com.springsource.org.objectweb.asm=GET,https://src.springframework.org/svn/spring-ide/trunk/required-bundles/com.springsource.org.objectweb.asm-2.2.3.jar
plugin@com.springsource.org.objectweb.asm.commons=GET,https://src.springframework.org/svn/spring-ide/trunk/required-bundles/com.springsource.org.objectweb.asm.commons-2.2.3.jar
plugin@com.springsource.org.objectweb.asm.commons.source=GET,https://src.springframework.org/svn/spring-ide/trunk/required-bundles/com.springsource.org.objectweb.asm.commons.source-2.2.3.jar
plugin@com.springsource.org.objectweb.asm.source=GET,https://src.springframework.org/svn/spring-ide/trunk/required-bundles/com.springsource.org.objectweb.asm.source-2.2.3.jar
plugin@org.springframework.aop=GET,https://src.springframework.org/svn/spring-ide/trunk/required-bundles/org.springframework.aop-3.0.0.SNAPSHOT.jar
plugin@org.springframework.aop.source=GET,https://src.springframework.org/svn/spring-ide/trunk/required-bundles/org.springframework.aop.source-3.0.0.SNAPSHOT.jar
plugin@org.springframework.asm=GET,https://src.springframework.org/svn/spring-ide/trunk/required-bundles/org.springframework.asm-3.0.0.SNAPSHOT.jar
plugin@org.springframework.asm.source=GET,https://src.springframework.org/svn/spring-ide/trunk/required-bundles/org.springframework.asm.source-3.0.0.SNAPSHOT.jar
plugin@org.springframework.batch.core=GET,https://src.springframework.org/svn/spring-ide/trunk/required-bundles/org.springframework.batch.core-2.0.2.SNAPSHOT.jar
plugin@org.springframework.batch.core.source=GET,https://src.springframework.org/svn/spring-ide/trunk/required-bundles/org.springframework.batch.core.source-2.0.2.SNAPSHOT.jar
plugin@org.springframework.beans=GET,https://src.springframework.org/svn/spring-ide/trunk/required-bundles/org.springframework.beans-3.0.0.SNAPSHOT.jar
plugin@org.springframework.beans.source=GET,https://src.springframework.org/svn/spring-ide/trunk/required-bundles/org.springframework.beans.source-3.0.0.SNAPSHOT.jar
plugin@org.springframework.binding=GET,https://src.springframework.org/svn/spring-ide/trunk/required-bundles/org.springframework.binding-2.0.7.A.jar
plugin@org.springframework.binding.source=GET,https://src.springframework.org/svn/spring-ide/trunk/required-bundles/org.springframework.binding.source-2.0.7.A.jar
plugin@org.springframework.context=GET,https://src.springframework.org/svn/spring-ide/trunk/required-bundles/org.springframework.context-3.0.0.SNAPSHOT.jar
plugin@org.springframework.context.source=GET,https://src.springframework.org/svn/spring-ide/trunk/required-bundles/org.springframework.context.source-3.0.0.SNAPSHOT.jar
plugin@org.springframework.context.support=GET,https://src.springframework.org/svn/spring-ide/trunk/required-bundles/org.springframework.context.support-3.0.0.SNAPSHOT.jar
plugin@org.springframework.context.support.source=GET,https://src.springframework.org/svn/spring-ide/trunk/required-bundles/org.springframework.context.support.source-3.0.0.SNAPSHOT.jar
plugin@org.springframework.core=GET,https://src.springframework.org/svn/spring-ide/trunk/required-bundles/org.springframework.core-3.0.0.SNAPSHOT.jar
plugin@org.springframework.core.source=GET,https://src.springframework.org/svn/spring-ide/trunk/required-bundles/org.springframework.core.source-3.0.0.SNAPSHOT.jar
plugin@org.springframework.expression=GET,https://src.springframework.org/svn/spring-ide/trunk/required-bundles/org.springframework.expression-3.0.0.SNAPSHOT.jar
plugin@org.springframework.expression.source=GET,https://src.springframework.org/svn/spring-ide/trunk/required-bundles/org.springframework.expression.source-3.0.0.SNAPSHOT.jar
plugin@org.springframework.faces=GET,https://src.springframework.org/svn/spring-ide/trunk/required-bundles/org.springframework.faces-2.0.7.A.jar
plugin@org.springframework.faces.source=GET,https://src.springframework.org/svn/spring-ide/trunk/required-bundles/org.springframework.faces.source-2.0.7.A.jar
plugin@org.springframework.jdbc=GET,https://src.springframework.org/svn/spring-ide/trunk/required-bundles/org.springframework.jdbc-3.0.0.SNAPSHOT.jar
plugin@org.springframework.jdbc.source=GET,https://src.springframework.org/svn/spring-ide/trunk/required-bundles/org.springframework.jdbc.source-3.0.0.SNAPSHOT.jar
plugin@org.springframework.jms=GET,https://src.springframework.org/svn/spring-ide/trunk/required-bundles/org.springframework.jms-3.0.0.SNAPSHOT.jar
plugin@org.springframework.jms.source=GET,https://src.springframework.org/svn/spring-ide/trunk/required-bundles/org.springframework.jms.source-3.0.0.SNAPSHOT.jar
plugin@org.springframework.js=GET,https://src.springframework.org/svn/spring-ide/trunk/required-bundles/org.springframework.js-2.0.7.A.jar
plugin@org.springframework.js.source=GET,https://src.springframework.org/svn/spring-ide/trunk/required-bundles/org.springframework.js.source-2.0.7.A.jar
plugin@org.springframework.orm=GET,https://src.springframework.org/svn/spring-ide/trunk/required-bundles/org.springframework.orm-3.0.0.SNAPSHOT.jar
plugin@org.springframework.orm.source=GET,https://src.springframework.org/svn/spring-ide/trunk/required-bundles/org.springframework.orm.source-3.0.0.SNAPSHOT.jar
plugin@org.springframework.osgi.core=GET,https://src.springframework.org/svn/spring-ide/trunk/required-bundles/org.springframework.osgi.core-2.0.0.M1.jar
plugin@org.springframework.osgi.io=GET,https://src.springframework.org/svn/spring-ide/trunk/required-bundles/org.springframework.osgi.io-2.0.0.M1.jar
plugin@org.springframework.oxm=GET,https://src.springframework.org/svn/spring-ide/trunk/required-bundles/org.springframework.oxm-3.0.0.SNAPSHOT.jar
plugin@org.springframework.oxm.source=GET,https://src.springframework.org/svn/spring-ide/trunk/required-bundles/org.springframework.oxm.source-3.0.0.SNAPSHOT.jar
plugin@org.springframework.security=GET,https://src.springframework.org/svn/spring-ide/trunk/required-bundles/org.springframework.security-2.0.4.A.jar
plugin@org.springframework.security.annotation=GET,https://src.springframework.org/svn/spring-ide/trunk/required-bundles/org.springframework.security.annotation-2.0.4.A.jar
plugin@org.springframework.security.annotation.source=GET,https://src.springframework.org/svn/spring-ide/trunk/required-bundles/org.springframework.security.annotation.source-2.0.4.A.jar
plugin@org.springframework.security.source=GET,https://src.springframework.org/svn/spring-ide/trunk/required-bundles/org.springframework.security.source-2.0.4.A.jar
plugin@org.springframework.transaction=GET,https://src.springframework.org/svn/spring-ide/trunk/required-bundles/org.springframework.transaction-3.0.0.SNAPSHOT.jar
plugin@org.springframework.transaction.source=GET,https://src.springframework.org/svn/spring-ide/trunk/required-bundles/org.springframework.transaction.source-3.0.0.SNAPSHOT.jar
plugin@org.springframework.web=GET,https://src.springframework.org/svn/spring-ide/trunk/required-bundles/org.springframework.web-3.0.0.SNAPSHOT.jar
plugin@org.springframework.web.servlet=GET,https://src.springframework.org/svn/spring-ide/trunk/required-bundles/org.springframework.web.servlet-3.0.0.SNAPSHOT.jar
plugin@org.springframework.web.servlet.source=GET,https://src.springframework.org/svn/spring-ide/trunk/required-bundles/org.springframework.web.servlet.source-3.0.0.SNAPSHOT.jar
plugin@org.springframework.web.source=GET,https://src.springframework.org/svn/spring-ide/trunk/required-bundles/org.springframework.web.source-3.0.0.SNAPSHOT.jar
plugin@org.springframework.webflow=GET,https://src.springframework.org/svn/spring-ide/trunk/required-bundles/org.springframework.webflow-2.0.7.A.jar
plugin@org.springframework.webflow.source=GET,https://src.springframework.org/svn/spring-ide/trunk/required-bundles/org.springframework.webflow.source-2.0.7.A.jar
