plugin@org.springframework.aop=GET,https://src.springframework.org/svn/spring-ide/trunk/required-bundles/org.springframework.aop-3.1.0.M1.jar
plugin@org.springframework.aop.source=GET,https://src.springframework.org/svn/spring-ide/trunk/required-bundles/org.springframework.aop.source-3.1.0.M1.jar
plugin@org.springframework.asm=GET,https://src.springframework.org/svn/spring-ide/trunk/required-bundles/org.springframework.asm-3.1.0.M1.jar
plugin@org.springframework.asm.source=GET,https://src.springframework.org/svn/spring-ide/trunk/required-bundles/org.springframework.asm.source-3.1.0.M1.jar
plugin@org.springframework.beans=GET,https://src.springframework.org/svn/spring-ide/trunk/required-bundles/org.springframework.beans-3.1.0.M1.jar
plugin@org.springframework.beans.source=GET,https://src.springframework.org/svn/spring-ide/trunk/required-bundles/org.springframework.beans.source-3.1.0.M1.jar
plugin@org.springframework.context=GET,https://src.springframework.org/svn/spring-ide/trunk/required-bundles/org.springframework.context-3.1.0.M1.jar
plugin@org.springframework.context.source=GET,https://src.springframework.org/svn/spring-ide/trunk/required-bundles/org.springframework.context.source-3.1.0.M1.jar
plugin@org.springframework.context.support=GET,https://src.springframework.org/svn/spring-ide/trunk/required-bundles/org.springframework.context.support-3.1.0.M1.jar
plugin@org.springframework.context.support.source=GET,https://src.springframework.org/svn/spring-ide/trunk/required-bundles/org.springframework.context.support.source-3.1.0.M1.jar
plugin@org.springframework.core=GET,https://src.springframework.org/svn/spring-ide/trunk/required-bundles/org.springframework.core-3.1.0.M1.jar
plugin@org.springframework.core.source=GET,https://src.springframework.org/svn/spring-ide/trunk/required-bundles/org.springframework.core.source-3.1.0.M1.jar
plugin@org.springframework.expression=GET,https://src.springframework.org/svn/spring-ide/trunk/required-bundles/org.springframework.expression-3.1.0.M1.jar
plugin@org.springframework.expression.source=GET,https://src.springframework.org/svn/spring-ide/trunk/required-bundles/org.springframework.expression.source-3.1.0.M1.jar
plugin@org.springframework.jdbc=GET,https://src.springframework.org/svn/spring-ide/trunk/required-bundles/org.springframework.jdbc-3.1.0.M1.jar
plugin@org.springframework.jdbc.source=GET,https://src.springframework.org/svn/spring-ide/trunk/required-bundles/org.springframework.jdbc.source-3.1.0.M1.jar
plugin@org.springframework.jms=GET,https://src.springframework.org/svn/spring-ide/trunk/required-bundles/org.springframework.jms-3.1.0.M1.jar
plugin@org.springframework.jms.source=GET,https://src.springframework.org/svn/spring-ide/trunk/required-bundles/org.springframework.jms.source-3.1.0.M1.jar
plugin@org.springframework.orm=GET,https://src.springframework.org/svn/spring-ide/trunk/required-bundles/org.springframework.orm-3.1.0.M1.jar
plugin@org.springframework.orm.source=GET,https://src.springframework.org/svn/spring-ide/trunk/required-bundles/org.springframework.orm.source-3.1.0.M1.jar
plugin@org.springframework.oxm=GET,https://src.springframework.org/svn/spring-ide/trunk/required-bundles/org.springframework.oxm-3.1.0.M1.jar
plugin@org.springframework.oxm.source=GET,https://src.springframework.org/svn/spring-ide/trunk/required-bundles/org.springframework.oxm.source-3.1.0.M1.jar
plugin@org.springframework.transaction=GET,https://src.springframework.org/svn/spring-ide/trunk/required-bundles/org.springframework.transaction-3.1.0.M1.jar
plugin@org.springframework.transaction.source=GET,https://src.springframework.org/svn/spring-ide/trunk/required-bundles/org.springframework.transaction.source-3.1.0.M1.jar
plugin@org.springframework.web=GET,https://src.springframework.org/svn/spring-ide/trunk/required-bundles/org.springframework.web-3.1.0.M1.jar
plugin@org.springframework.web.servlet=GET,https://src.springframework.org/svn/spring-ide/trunk/required-bundles/org.springframework.web.servlet-3.1.0.M1.jar
plugin@org.springframework.web.servlet.source=GET,https://src.springframework.org/svn/spring-ide/trunk/required-bundles/org.springframework.web.servlet.source-3.1.0.M1.jar
plugin@org.springframework.web.source=GET,https://src.springframework.org/svn/spring-ide/trunk/required-bundles/org.springframework.web.source-3.1.0.M1.jar
